[     303ms] [INFO] %cDownload the React DevTools for a better development experience: https://react.dev/link/react-devtools font-weight:bold @ http://localhost:4323/node_modules/.vite/deps/react-dom_client.js?v=becffb88:14144
[     443ms] [WARNING] THREE.Clock: This module has been deprecated. Please use THREE.Timer instead. @ http://localhost:4323/@vite/client:532
[     730ms] [ERROR] Failed to load resource: the server responded with a status of 504 (Outdated Optimize Dep) @ http://localhost:4323/@id/astro/runtime/client/dev-toolbar/entrypoint.js:0
[     869ms] [INFO] %cDownload the React DevTools for a better development experience: https://react.dev/link/react-devtools font-weight:bold @ http://localhost:4323/node_modules/.vite/deps/react-dom_client.js?v=1aed7df5:14144
[     993ms] [WARNING] THREE.Clock: This module has been deprecated. Please use THREE.Timer instead. @ http://localhost:4323/@vite/client:532
[   83277ms] [ERROR] Failed to load resource: the server responded with a status of 504 (Outdated Optimize Dep) @ http://localhost:4323/@id/astro/runtime/client/dev-toolbar/entrypoint.js:0
[   83303ms] [INFO] %cDownload the React DevTools for a better development experience: https://react.dev/link/react-devtools font-weight:bold @ http://localhost:4323/node_modules/.vite/deps/react-dom_client.js?v=1aed7df5:14144
[   83486ms] [WARNING] THREE.Clock: This module has been deprecated. Please use THREE.Timer instead. @ http://localhost:4323/@vite/client:532
[   90096ms] [ERROR] Failed to load resource: the server responded with a status of 504 (Outdated Optimize Dep) @ http://localhost:4323/@id/astro/runtime/client/dev-toolbar/entrypoint.js:0
[   90124ms] [INFO] %cDownload the React DevTools for a better development experience: https://react.dev/link/react-devtools font-weight:bold @ http://localhost:4323/node_modules/.vite/deps/react-dom_client.js?v=1aed7df5:14144
[   90211ms] [WARNING] THREE.Clock: This module has been deprecated. Please use THREE.Timer instead. @ http://localhost:4323/@vite/client:532
[   98070ms] [ERROR] Failed to load resource: the server responded with a status of 504 (Outdated Optimize Dep) @ http://localhost:4323/@id/astro/runtime/client/dev-toolbar/entrypoint.js:0
[   98131ms] [INFO] %cDownload the React DevTools for a better development experience: https://react.dev/link/react-devtools font-weight:bold @ http://localhost:4323/node_modules/.vite/deps/react-dom_client.js?v=1aed7df5:14144
[   98227ms] [WARNING] THREE.Clock: This module has been deprecated. Please use THREE.Timer instead. @ http://localhost:4323/@vite/client:532
[  112367ms] [ERROR] Failed to load resource: the server responded with a status of 504 (Outdated Optimize Dep) @ http://localhost:4323/@id/astro/runtime/client/dev-toolbar/entrypoint.js:0
[  112407ms] [INFO] %cDownload the React DevTools for a better development experience: https://react.dev/link/react-devtools font-weight:bold @ http://localhost:4323/node_modules/.vite/deps/react-dom_client.js?v=1aed7df5:14144
[  112477ms] [WARNING] THREE.Clock: This module has been deprecated. Please use THREE.Timer instead. @ http://localhost:4323/@vite/client:532
[  117488ms] [ERROR] Failed to load resource: the server responded with a status of 504 (Outdated Optimize Dep) @ http://localhost:4323/@id/astro/runtime/client/dev-toolbar/entrypoint.js:0
[  117516ms] [INFO] %cDownload the React DevTools for a better development experience: https://react.dev/link/react-devtools font-weight:bold @ http://localhost:4323/node_modules/.vite/deps/react-dom_client.js?v=1aed7df5:14144
[  117603ms] [WARNING] THREE.Clock: This module has been deprecated. Please use THREE.Timer instead. @ http://localhost:4323/@vite/client:532
[  124652ms] [ERROR] Failed to load resource: the server responded with a status of 504 (Outdated Optimize Dep) @ http://localhost:4323/@id/astro/runtime/client/dev-toolbar/entrypoint.js:0
[  124703ms] [INFO] %cDownload the React DevTools for a better development experience: https://react.dev/link/react-devtools font-weight:bold @ http://localhost:4323/node_modules/.vite/deps/react-dom_client.js?v=1aed7df5:14144
[  124820ms] [WARNING] THREE.Clock: This module has been deprecated. Please use THREE.Timer instead. @ http://localhost:4323/@vite/client:532
